// Jest Snapshot v1, https://goo.gl/fbAQLP

exports[`first snapshot 1`] = `
<div
  className="MuiPaper-root MuiCard-root makeStyles-root-1 MuiPaper-outlined MuiPaper-rounded"
>
  <img
    alt="bring human"
    className="makeStyles-image-2"
    src="3.svg"
    title="Being Boss"
  />
  <div
    className="MuiCardContent-root"
  >
    <h6
      className="MuiTypography-root MuiTypography-subtitle1 MuiTypography-gutterBottom"
      style={
        Object {
          "fontWeight": "bold",
        }
      }
    >
      Being Boss
    </h6>
    <h6
      className="MuiTypography-root MuiTypography-subtitle1"
    >
      Kathleen Shannon and Emily...
    </h6>
    <br />
    <div
      className="MuiGrid-root MuiGrid-container MuiGrid-justify-content-xs-space-between"
    >
      <div
        className="MuiGrid-root MuiGrid-item"
      >
        <svg
          aria-hidden={true}
          className="MuiSvgIcon-root MuiSvgIcon-fontSizeSmall"
          focusable="false"
          style={
            Object {
              "marginTop": -2,
            }
          }
          viewBox="0 0 24 24"
        >
          <path
            d="M11.99 2C6.47 2 2 6.48 2 12s4.47 10 9.99 10C17.52 22 22 17.52 22 12S17.52 2 11.99 2zM12 20c-4.42 0-8-3.58-8-8s3.58-8 8-8 8 3.58 8 8-3.58 8-8 8z"
          />
          <path
            d="M12.5 7H11v6l5.25 3.15.75-1.23-4.5-2.67z"
          />
        </svg>
        13-min read
      </div>
      <div
        className="MuiGrid-root MuiGrid-item"
      >
        <svg
          aria-hidden={true}
          className="MuiSvgIcon-root MuiSvgIcon-fontSizeSmall"
          focusable="false"
          style={
            Object {
              "marginTop": -2,
            }
          }
          viewBox="0 0 24 24"
        >
          <path
            d="M12 5.9c1.16 0 2.1.94 2.1 2.1s-.94 2.1-2.1 2.1S9.9 9.16 9.9 8s.94-2.1 2.1-2.1m0 9c2.97 0 6.1 1.46 6.1 2.1v1.1H5.9V17c0-.64 3.13-2.1 6.1-2.1M12 4C9.79 4 8 5.79 8 8s1.79 4 4 4 4-1.79 4-4-1.79-4-4-4zm0 9c-2.67 0-8 1.34-8 4v3h16v-3c0-2.66-5.33-4-8-4z"
          />
        </svg>
        1.9k reads
      </div>
    </div>
  </div>
  <div
    className="MuiGrid-root MuiGrid-container MuiGrid-justify-content-xs-space-between"
  >
    <div
      className="MuiGrid-root MuiGrid-item"
    />
    <div
      className="MuiGrid-root MuiGrid-item"
    >
      <svg
        aria-hidden={true}
        className="MuiSvgIcon-root MuiSvgIcon-fontSizeSmall"
        focusable="false"
        style={
          Object {
            "margin": "1rem",
          }
        }
        viewBox="0 0 24 24"
      >
        <path
          d="M6 10c-1.1 0-2 .9-2 2s.9 2 2 2 2-.9 2-2-.9-2-2-2zm12 0c-1.1 0-2 .9-2 2s.9 2 2 2 2-.9 2-2-.9-2-2-2zm-6 0c-1.1 0-2 .9-2 2s.9 2 2 2 2-.9 2-2-.9-2-2-2z"
        />
      </svg>
    </div>
  </div>
</div>
`;
